{
  "code": 0,
  "message": "",
  "data": {
    "clientId": 1,
    "tenantId": "OMNI",
    "maxFileSize": 100,
    "merchantAttributeName": "merchant",
    "usingMerchantAttrName": true,
    "inputFileTypes": [
      "XLSX",
      "CSV"
    ],
    "importFileTemplateUrl": "http://template",
    "uiConfig": {
      "importHistoryTable": {
        "isShowPreviewProcessFile": true,
        "isShowPreviewResultFile": false,
        "isShowDebug": true,
        "isShowCreatedBy": false,
        "isShowReload": true,
        "colorScheme": "scheme"
      }
    }
  }
}