"cannot extract file extension from file URL https://storage.googleapis.com/folder/invalid_file"