{
  "id": 8,
  "client_id": 12345678,
  "display_name": "a.xlsx",
  "file_url": "https://storage.googleapis.com/folder/file.xlsx",
  "result_file_url": "https://storage.googleapis.com/folder/file.xlsx",
  "status": 1,
  "seller_id": 1,
  "merchant_id": "1",
  "created_at": "2021-01-01T00:00:00Z",
  "created_by": "nguyen.ng@teko.vn",
  "updated_at": "2021-01-01T00:00:00Z"
}