[
  {
    "clientId": 16,
    "processingFileId": 9,
    "fileDisplayName": "processing_file.xlsx",
    "fileUrl": "https://file_incorrect_url.xlsx",
    "resultFileUrl": "https://a.com",
    "status": "INIT",
    "sellerId": 0,
    "statsTotalRow": 100,
    "statsTotalProcessed": 0,
    "statsTotalSuccess": 98,
    "errorDisplay": "Success",
    "createdAt": 1630281600000,
    "createdBy": "anh.lt2@teko.vn",
    "finishedAt": 1630281600000
  },
  {
    "clientId": 16,
    "processingFileId": 8,
    "fileDisplayName": "processing_file.xlsx",
    "fileUrl": "https://file_incorrect_url.xlsx",
    "resultFileUrl": "https://a.com",
    "status": "INIT",
    "sellerId": 0,
    "statsTotalRow": 100,
    "statsTotalProcessed": 0,
    "statsTotalSuccess": 98,
    "errorDisplay": "Success",
    "createdAt": 1630281600000,
    "createdBy": "anh.lt2@teko.vn",
    "finishedAt": 1630281600000
  },
  {
    "clientId": 12,
    "processingFileId": 7,
    "fileDisplayName": "processing_file.xlsx",
    "fileUrl": "https://file_incorrect_url.xlsx",
    "resultFileUrl": "https://a.com",
    "status": "INIT",
    "sellerId": 0,
    "statsTotalRow": 100,
    "statsTotalProcessed": 0,
    "statsTotalSuccess": 98,
    "errorDisplay": "Success",
    "createdAt": 1630281600000,
    "createdBy": "tri.tm1@teko.vn",
    "finishedAt": 1630281600000
  },
  {
    "clientId": 12,
    "processingFileId": 6,
    "fileDisplayName": "processing_file.xlsx",
    "fileUrl": "https://file_incorrect_url.xlsx",
    "resultFileUrl": "https://a.com",
    "status": "INIT",
    "sellerId": 0,
    "statsTotalRow": 100,
    "statsTotalProcessed": 0,
    "statsTotalSuccess": 98,
    "errorDisplay": "Success",
    "createdAt": 1630281600000,
    "createdBy": "tan.hm@teko.vn",
    "finishedAt": 1630281600000
  }
]