[
  [
    "Number 1",
    "Date 1",
    "Can empty",
    "Numdate 1",
    "String"
  ],
  [
    "1",
    "42005",
    "",
    "1 от 01.01.2015",
    "abc"
  ],
  [
    "2",
    "42006",
    "not empty",
    "2 от 02.01.2015",
    "def"
  ]
]