[
  {
    "id": 2,
    "client_id": 2,
    "display_name": "processing_file.xlsx",
    "file_url": "https://a.com",
    "status": 2,
    "total_mapping": 2,
    "stats_total_row": 2,
    "error_display": "Success",
    "created_at": "2021-01-01T00:00:00Z",
    "created_by": "tan.hm@teko.vn",
    "updated_at": "2021-01-01T00:00:00Z"
  },
  {
    "id": 10,
    "client_id": 16,
    "display_name": "file_name_a",
    "ext_file_request": "XLSX",
    "file_url": "file_url_1",
    "result_file_url": "result_file_url_1",
    "status": 4,
    "stats_total_row": 1,
    "stats_total_success": 1,
    "tenant_id": "1",
    "merchant_id": "1",
    "created_at": "2021-01-01T00:00:00Z",
    "created_by": "user@teko.vn",
    "updated_at": "2021-01-01T00:00:00Z"
  },
  {
    "id": 11,
    "client_id": 17,
    "display_name": "file_name_b",
    "ext_file_request": "CSV",
    "file_url": "file_url_2",
    "result_file_url": "result_file_url_2",
    "status": 3,
    "stats_total_row": 1,
    "stats_total_success": 1,
    "error_display": "has error",
    "tenant_id": "2",
    "merchant_id": "2",
    "created_at": "2021-01-01T00:00:00Z",
    "created_by": "user@teko.vn",
    "updated_at": "2021-01-01T00:00:00Z"
  }
]