[
  {
    "id": 1,
    "file_id": 2,
    "row_index": 1,
    "task_index": 1,
    "status": 4,
    "result_async": "{\"processing_result\":\"result\",\"finished_at\":\"2021-01-01T00:00:00Z\"}",
    "receive_result_async_at": "2021-01-01T00:00:10Z",
    "created_at": "2021-01-01T00:00:00Z",
    "updated_at": "2021-01-01T00:00:00Z"
  },
  {
    "id": 2,
    "file_id": 2,
    "row_index": 1,
    "task_index": 2,
    "status": 4,
    "created_at": "2021-01-01T00:00:00Z",
    "updated_at": "2021-01-01T00:00:00Z"
  }
]